
--- NEW SESSION: 19/06/2026 14:42:12 ---
/finger/box/MechanicalObject.showObject = 1
/finger/box/MechanicalObject.showObjectScale = 10
/finger/box/MechanicalObject.drawMode = -4
/finger/box/MechanicalObject.showColor = 0.752941 0.109804 0.156863 1
/finger/box/MechanicalObject.showColor = 0.752941 0.109804 0.156863 1
/finger/box/bertrand.group = 2

--- NEW SESSION: 19/06/2026 14:45:41 ---
/finger/box/MechanicalObject.showObject = 1
/finger/box/MechanicalObject.showObjectScale = 7.57
/finger/box/MechanicalObject.showColor = 0.878431 0.105882 0.141176 1

--- NEW SESSION: 19/06/2026 14:53:13 ---
/finger/box/MechanicalObject.showColor = 1 1 1 1

--- NEW SESSION: 19/06/2026 17:14:53 ---
/finger/box/MechanicalObject.showObject = 1
/finger/box/MechanicalObject.showObjectScale = 8.17
/finger/box/MechanicalObject.drawMode = -3
/finger/box/MechanicalObject.showColor = 0.964706 0.380392 0.317647 1

--- NEW SESSION: 19/06/2026 17:37:19 ---
/finger/stress/Stress.showObject = 1
/finger/stress/Stress.showObjectScale = 6.48
/finger/stress/Stress.drawMode = -2
/finger/stress/Stress.showColor = 0.878431 0.105882 0.141176 1

--- NEW SESSION: 19/06/2026 17:38:44 ---
/finger/stress/Stress.showObject = 1
/finger/stress/Stress.showObjectScale = 7.16
/finger/stress/Stress.showColor = 0.109804 0.443137 0.847059 1

--- NEW SESSION: 19/06/2026 17:40:22 ---
/finger/stress/box/MechanicalObject.showObject = 1
/finger/stress/box/MechanicalObject.showObjectScale = 10.09
/finger/stress/box/MechanicalObject.drawMode = -2
/finger/stress/box/MechanicalObject.showColor = 0.180392 0.760784 0.494118 1

--- NEW SESSION: 22/06/2026 11:28:50 ---
/finger/stress/box/MechanicalObject.showObject = 1
/finger/stress/box/MechanicalObject.showObjectScale = 8.11
/finger/stress/box/MechanicalObject.showColor = 0.964706 0.827451 0.176471 1
/finger/stress/box/MechanicalObject.showColor = 0.964706 0.827451 0.176471 1

--- NEW SESSION: 22/06/2026 12:00:45 ---
/finger/stress/box/MechanicalObject.showObject = 1
/finger/stress/box/MechanicalObject.showObjectScale = 8.98
/finger/stress/box/MechanicalObject.showColor = 0.964706 0.827451 0.176471 1

--- NEW SESSION: 22/06/2026 12:05:14 ---
/finger/stress/box/MechanicalObject.showObject = 1
/finger/stress/box/MechanicalObject.showObjectScale = 7.92
/finger/stress/box/MechanicalObject.showColor = 0.960784 0.760784 0.0666667 1

--- NEW SESSION: 22/06/2026 14:55:19 ---
/finger/stress/box/MechanicalObject.showObject = 1
/finger/stress/box/MechanicalObject.showObjectScale = 8.39
/finger/stress/box/MechanicalObject.showColor = 0.960784 0.760784 0.0666667 1

--- NEW SESSION: 22/06/2026 15:49:34 ---
/finger/stress/Stress.showColor = 1 1 1 1

--- NEW SESSION: 22/06/2026 16:23:02 ---
/finger/Plastic/MechanicalObject.constraint = 6 1 1 0 1 0 0 0 0 0 2 1 1 1 0 0 0 0 0 3 1 2 1 0 0 0 0 0 4 1 3 1 0 0 0 0 0 5 1 4 1 0 0 0 0 0 6 1 5 1 0 0 0 0 0 
/finger/Plastic/MechanicalObject.showColor = 1 1 1 1

--- NEW SESSION: 22/06/2026 16:29:47 ---
/finger/stress/Stress.showColor = 1 1 1 1

--- NEW SESSION: 22/06/2026 16:31:41 ---
/finger/stress/Stress.showColor = 1 1 1 1

--- NEW SESSION: 22/06/2026 16:33:42 ---
/finger/stress/Stress.showColor = 1 1 1 1

--- NEW SESSION: 23/06/2026 10:22:16 ---
/finger/Plastic/Stress.showColor = 1 1 1 1

--- NEW SESSION: 23/06/2026 10:23:36 ---
/finger/Plastic/Stress.showObject = 1
/finger/Plastic/Stress.showObjectScale = 7.41
/finger/Plastic/Stress.showColor = 0.964706 0.827451 0.176471 1

--- NEW SESSION: 23/06/2026 10:35:36 ---
/finger/Plastic/Stress.constraint = 2 1 1 0 1 0 0 0 0 0 2 1 1 1 0 0 0 0 0 
/finger/Plastic/Stress.showColor = 1 1 1 1

--- NEW SESSION: 23/06/2026 10:48:18 ---
/finger/Plastic/Stress.constraint = 1 1 1 0 1 0 0 0 0 0 
/finger/Plastic/Stress.showColor = 1 1 1 1

--- NEW SESSION: 23/06/2026 11:32:25 ---
/finger/Plastic/Stress.constraint = 1 1 1 0 1 0 0 0 0 0 
/finger/Plastic/Stress.showColor = 1 1 1 1

--- NEW SESSION: 23/06/2026 14:40:11 ---
/finger/Plastic/Stress.constraint = 1 1 1 0 1 0 0 0 0 0 
/finger/Plastic/Stress.showColor = 1 1 1 1

--- NEW SESSION: 23/06/2026 14:40:11 ---
/finger/Plastic/Stress.constraint = 1 1 1 0 1 0 0 0 0 0 
/finger/Plastic/Stress.showColor = 1 1 1 1
/finger/Plastic/Stress.constraint = 1 1 1 0 1 0 0 0 0 0 
/finger/Plastic/Stress.showColor = 1 1 1 1
/finger/Plastic/Stress.constraint = 1 1 1 0 1 0 0 0 0 0 
/finger/Plastic/Stress.showColor = 1 1 1 1
/finger/Plastic/Stress.constraint = 1 1 1 0 1 0 0 0 0 0 
/finger/Plastic/Stress.showColor = 1 1 1 1
/finger/Plastic/Stress.constraint = 1 1 1 0 1 0 0 0 0 0 
/finger/Plastic/Stress.showColor = 1 1 1 1

--- NEW SESSION: 23/06/2026 15:05:18 ---
/finger/box/MechanicalObject.showColor = 1 1 1 1

--- NEW SESSION: 23/06/2026 15:07:17 ---
/finger/box/MechanicalObject.showColor = 1 1 1 1

--- NEW SESSION: 30/06/2026 10:36:42 ---
/finger/Plastic/Stress.showObject = 1
/finger/Plastic/Stress.showObjectScale = 7.3
/finger/Plastic/Stress.showColor = 1 1 1 1
/finger/tetras.showColor = 1 1 1 1
/finger/tetras.showIndices = 1
/finger/tetras.showIndicesScale = -9.79996
/finger/tetras.showColor = 1 1 1 1
/finger/tetras.showIndicesScale = 0.01
/finger/Plastic/boxConstraint.min = -49.73

--- NEW SESSION: 30/06/2026 11:15:44 ---
/finger/Plastic/Stress.constraint = 1 0 1 0 100 0 0 0 0 0 
/finger/Plastic/Stress.showColor = 1 1 1 1

--- NEW SESSION: 30/06/2026 11:15:44 ---
/finger/Plastic/Stress.constraint = 1 0 1 0 100 0 0 0 0 0 
/finger/Plastic/Stress.showColor = 1 1 1 1
/finger/Plastic/Stress.constraint = 1 0 1 0 100 0 0 0 0 0 
/finger/Plastic/Stress.showColor = 1 1 1 1
/finger/Plastic/Stress.showColor = 1 1 1 1
/finger/Plastic/Stress.showColor = 1 1 1 1
/finger/Plastic/Stress.showColor = 1 1 1 1
/finger/Plastic/Stress.showColor = 1 1 1 1

--- NEW SESSION: 30/06/2026 11:36:47 ---
/finger/Plastic/Stress.constraint = 1 0 1 0 100 0 0 0 0 0 
/finger/Plastic/Stress.showColor = 1 1 1 1

--- NEW SESSION: 30/06/2026 11:38:22 ---
/finger/Plastic/Stress.constraint = 1 0 1 0 100 0 0 0 0 0 
/finger/Plastic/Stress.showColor = 1 1 1 1

--- NEW SESSION: 30/06/2026 11:38:22 ---
/finger/Plastic/Stress.constraint = 1 0 1 0 100 0 0 0 0 0 
/finger/Plastic/Stress.showColor = 1 1 1 1
/finger/Plastic/Stress.constraint = 1 0 1 0 100 0 0 0 0 0 
/finger/Plastic/Stress.showColor = 1 1 1 1

--- NEW SESSION: 30/06/2026 11:46:31 ---
/finger/Plastic/Stress.constraint = 1 0 1 0 1000 0 0 0 0 0 
/finger/Plastic/Stress.showColor = 1 1 1 1

--- NEW SESSION: 30/06/2026 11:47:27 ---
/finger/Plastic/Stress.constraint = 4 0 1 0 1000 0 0 0 0 0 1 1 1 1000 0 0 0 0 0 2 1 2 1000 0 0 0 0 0 3 1 3 1000 0 0 0 0 0 
/finger/Plastic/Stress.showColor = 1 1 1 1

--- NEW SESSION: 30/06/2026 11:48:51 ---
/finger/Plastic/Stress.constraint = 1 0 1 2 1000 0 0 0 0 0 
/finger/Plastic/Stress.showColor = 1 1 1 1

--- NEW SESSION: 30/06/2026 17:02:03 ---
/finger/Plastic/Stress.constraint = 1 0 1 0 1000 0 0 0 0 0 
/finger/Plastic/Stress.showColor = 1 1 1 1

--- NEW SESSION: 01/07/2026 15:13:46 ---
/finger/Plastic/Stress.constraint = 1 0 1 0 1000 0 0 0 0 0 
/finger/Plastic/Stress.showColor = 1 1 1 1

--- NEW SESSION: 01/07/2026 15:13:46 ---
/finger/Plastic/Stress.constraint = 1 0 1 0 1000 0 0 0 0 0 
/finger/Plastic/Stress.showColor = 1 1 1 1
/finger/Plastic/Stress.constraint = 1 0 1 0 1000 0 0 0 0 0 
/finger/Plastic/Stress.showColor = 1 1 1 1

--- NEW SESSION: 03/07/2026 10:34:22 ---
/finger/Plastic/Stress.showColor = 1 1 1 1

--- NEW SESSION: 03/07/2026 10:40:46 ---
/finger/Plastic/Stress.constraint = 1 0 1 0 0.01 0 0 0 0 0 
/finger/Plastic/Stress.showColor = 1 1 1 1

--- NEW SESSION: 03/07/2026 10:40:47 ---
/finger/Plastic/Stress.constraint = 1 0 1 0 0.01 0 0 0 0 0 
/finger/Plastic/Stress.showColor = 1 1 1 1
/finger/Plastic/Stress.constraint = 1 0 1 0 0.01 0 0 0 0 0 
/finger/Plastic/Stress.showColor = 1 1 1 1

--- NEW SESSION: 03/07/2026 10:43:42 ---
/finger/Plastic/Stress.constraint = 2 0 1 0 0.01 0 0 0 0 0 1 1 5 0.01 0 0 0 0 0 
/finger/Plastic/Stress.showColor = 1 1 1 1

--- NEW SESSION: 03/07/2026 10:43:42 ---
/finger/Plastic/Stress.constraint = 2 0 1 0 0.01 0 0 0 0 0 1 1 5 0.01 0 0 0 0 0 
/finger/Plastic/Stress.showColor = 1 1 1 1
/finger/Plastic/Stress.constraint = 2 0 1 0 0.01 0 0 0 0 0 1 1 5 0.01 0 0 0 0 0 
/finger/Plastic/Stress.showColor = 1 1 1 1
/finger/Plastic/Stress.constraint = 2 0 1 0 0.01 0 0 0 0 0 1 1 5 0.01 0 0 0 0 0 
/finger/Plastic/Stress.showColor = 1 1 1 1
/finger/Plastic/Stress.constraint = 2 0 1 0 0.01 0 0 0 0 0 1 1 5 0.01 0 0 0 0 0 
/finger/Plastic/Stress.showColor = 1 1 1 1
/finger/Plastic/Stress.constraint = 2 0 1 0 0.01 0 0 0 0 0 1 1 5 0.01 0 0 0 0 0 
/finger/Plastic/Stress.showColor = 1 1 1 1

--- NEW SESSION: 03/07/2026 11:34:27 ---
/finger/Plastic/Stress.constraint = 1 0 1 0 0.01 0 0 0 0 0 
/finger/Plastic/Stress.showColor = 1 1 1 1

--- NEW SESSION: 03/07/2026 11:36:24 ---
/finger/Plastic/Stress.constraint = 1 0 1 5 0.01 0 0 0 0 0 
/finger/Plastic/Stress.showColor = 1 1 1 1

--- NEW SESSION: 03/07/2026 11:37:13 ---
/finger/Plastic/Stress.constraint = 1 0 1 0 0.001 0 0 0 0 0 
/finger/Plastic/Stress.showColor = 1 1 1 1

--- NEW SESSION: 03/07/2026 11:37:14 ---
/finger/Plastic/Stress.constraint = 1 0 1 0 0.001 0 0 0 0 0 
/finger/Plastic/Stress.showColor = 1 1 1 1
/finger/Plastic/Stress.constraint = 1 0 1 0 0.001 0 0 0 0 0 
/finger/Plastic/Stress.showColor = 1 1 1 1

--- NEW SESSION: 03/07/2026 11:38:42 ---
/finger/Plastic/Stress.constraint = 1 0 1 0 1 0 0 0 0 0 
/finger/Plastic/Stress.showColor = 1 1 1 1

--- NEW SESSION: 03/07/2026 11:49:39 ---
/finger/Plastic/Stress.constraint = 1 0 1 0 0.1 0 0 0 0 0 
/finger/Plastic/Stress.showColor = 1 1 1 1

--- NEW SESSION: 03/07/2026 11:52:57 ---
/finger/Plastic/Stress.showColor = 1 1 1 1

--- NEW SESSION: 03/07/2026 14:29:13 ---
/finger/Plastic/Stress.constraint = 1 0 1 0 1 0 0 0 0 0 
/finger/Plastic/Stress.showColor = 1 1 1 1

--- NEW SESSION: 03/07/2026 14:29:13 ---
/finger/Plastic/Stress.constraint = 1 0 1 0 1 0 0 0 0 0 
/finger/Plastic/Stress.showColor = 1 1 1 1
/finger/Plastic/Stress.constraint = 1 0 1 0 1 0 0 0 0 0 
/finger/Plastic/Stress.showColor = 1 1 1 1

--- NEW SESSION: 03/07/2026 14:29:43 ---
/finger/Plastic/Stress.constraint = 1 0 1 0 0.01 0 0 0 0 0 
/finger/Plastic/Stress.showColor = 1 1 1 1

--- NEW SESSION: 03/07/2026 14:29:43 ---
/finger/Plastic/Stress.constraint = 1 0 1 0 0.01 0 0 0 0 0 
/finger/Plastic/Stress.showColor = 1 1 1 1
/finger/Plastic/Stress.constraint = 1 0 1 0 0.01 0 0 0 0 0 
/finger/Plastic/Stress.showColor = 1 1 1 1

--- NEW SESSION: 03/07/2026 14:30:39 ---
/finger/Plastic/Stress.constraint = 1 0 1 0 0.01 0 0 0 0 0 
/finger/Plastic/Stress.showColor = 1 1 1 1

--- NEW SESSION: 03/07/2026 14:31:40 ---
/finger/Plastic/Stress.constraint = 1 0 1 0 1 0 0 0 0 0 
/finger/Plastic/Stress.showColor = 1 1 1 1

--- NEW SESSION: 03/07/2026 14:32:16 ---
/finger/Plastic/Stress.constraint = 1 0 1 0 1 0 0 0 0 0 
/finger/Plastic/Stress.showColor = 1 1 1 1

--- NEW SESSION: 03/07/2026 14:32:58 ---
/finger/Plastic/Stress.constraint = 2 0 1 0 1 0 0 0 0 0 1 1 5 1 0 0 0 0 0 
/finger/Plastic/Stress.showColor = 1 1 1 1
/finger/RestShapeSpringsForceField.springColor = 0 1 0 1

--- NEW SESSION: 03/07/2026 16:14:08 ---
/finger/Plastic/Stress.constraint = 2 0 1 0 1 0 0 0 0 0 1 1 5 1 0 0 0 0 0 
/finger/Plastic/Stress.showColor = 1 1 1 1

--- NEW SESSION: 06/07/2026 15:52:20 ---
/finger/Plastic/Stress.showColor = 1 1 1 1
/finger/Plastic/boxConstraint.min = -21.76
/finger/Plastic/Stress.showColor = 1 1 1 1
/finger/Plastic/boxConstraint.min = -21.76
/finger/Plastic/Stress.showColor = 1 1 1 1
/finger/Plastic/boxConstraint.min = -21.76
/finger/Plastic/boxConstraint.min = -10
/finger/Plastic/Stress.constraint = 2 0 1 0 1 0 0 0 0 0 1 1 5 1 0 0 0 0 0 
/finger/Plastic/Stress.showColor = 1 1 1 1

--- NEW SESSION: 06/07/2026 16:10:39 ---
/finger/Plastic/boxConstraint.group = -1
